----------------------------------------
Marvellous  Automation Script 
----------------------------------------

Files from the Directory are :

----------------------------------------
Marvellous/Mumbai/test1.txt : 4 Bytes
Marvellous/Mumbai/Empty.txt : 0 Bytes
Marvellous/Mumbai/File_Tell.py : 422 Bytes
Marvellous/Mumbai/File_ReadX.py : 336 Bytes
Marvellous/Mumbai/File_Read.py : 319 Bytes
Marvellous/Mumbai/First_TellX.py : 536 Bytes
Marvellous/Mumbai/File_Remove.py : 258 Bytes
Marvellous/Mumbai/Empty copy.txt : 0 Bytes
Marvellous/Satara/AutomationScript2.py : 232 Bytes
Marvellous/Satara/AutomationScript3.py : 610 Bytes
Marvellous/Satara/Empty.txt : 0 Bytes
Marvellous/Satara/AutomationScript6 copy.py : 934 Bytes
Marvellous/Satara/AutomationScript4.py : 721 Bytes
Marvellous/Satara/AutomationScript1.py : 183 Bytes
Marvellous/Satara/AutomationScript5.py : 1158 Bytes
Marvellous/Satara/Empty copy.txt : 0 Bytes
Marvellous/Pune/Empty.txt : 0 Bytes
Marvellous/Pune/ScheduleDemo4.py : 351 Bytes
Marvellous/Pune/ScheduleDemo.py : 148 Bytes
Marvellous/Pune/ScheduleDemo2.py : 252 Bytes
Marvellous/Pune/ScheduleDemo3.py : 349 Bytes
Marvellous/Pune/Empty copy.txt : 0 Bytes
----------------------------------------
Total Files Scanned 22 
 Total Empty Files Found and Deleted : 6
----------------------------------------
Log file is Created at :Sun Jul 19 20:32:39 2026
----------------------------------------
